[yqjh-auto.my.canva.site/index.html]
[backblue.gif]
[fade.gif]
[index.html]
[yqjh-auto.my.canva.site/26387fa4f5b1e3f7b6217b27d79bf264.png]
[yqjh-auto.my.canva.site/2d0b56e7e51cf11036ad8734bdb67e2d.png]
[yqjh-auto.my.canva.site/725b756a69a7d4c235070e51acd85560.png]
[yqjh-auto.my.canva.site/fonts/9504b09b02e0a62a1cc1e69422e2d5ee.woff2]
[yqjh-auto.my.canva.site/fonts/a50ddeeabd96a04242b27210d2df3191.woff2]
[yqjh-auto.my.canva.site/fonts/ede29efdfaa56ab47100422eb483e26c.woff2]
[yqjh-auto.my.canva.site/fonts/346a7d829e2772dc095a1a04c9c97ff9.woff2]
[yqjh-auto.my.canva.site/fonts/9494f841057c7b5cda3da2221562752f.woff2]
[yqjh-auto.my.canva.site/fonts/fcc56d51467bb259e73280fb1ab5a50b.woff2]
[yqjh-auto.my.canva.site/fonts/ed21d9ecf31ad25f15eebbf7da9586c4.woff2]
[yqjh-auto.my.canva.site/fonts/f8f199f09526f79e87644ed227e0f651.woff2]
[yqjh-auto.my.canva.site/fonts/98c4d2c0223fc8474641c77f923528e9.woff2]
[yqjh-auto.my.canva.site/fonts/d257a7100844bc3f98c9021168b6249e.woff2]
[yqjh-auto.my.canva.site/fonts/1060345c54d396e76d73f1da7ee200bd.woff2]
[yqjh-auto.my.canva.site/images/6590d55fc67b241fef35777a253200fe.png]
[yqjh-auto.my.canva.site/images/82ca36770005b7351e28866a8e56be82.svg]
[yqjh-auto.my.canva.site/index.html]
[yqjh-auto.my.canva.site/_link/indexce94.html]
[yqjh-auto.my.canva.site/images/82ca36770005b7351e28866a8e56be82.svg]
[yqjh-auto.my.canva.site/_link/indexc58f.html]
[yqjh-auto.my.canva.site/_link/index59e1.html]
[yqjh-auto.my.canva.site/js/73ad2651535b7ecadd366d5fa045dc32c1cdb8fc38f8243601b62b64f4123420.js]
[yqjh-auto.my.canva.site/_link/indexf974.html]
[yqjh-auto.my.canva.site/_link/index59be.html]
[yqjh-auto.my.canva.site/_link/index7f71.html]
[yqjh-auto.my.canva.site/_link/indexac5d.html]
[yqjh-auto.my.canva.site/_link/indexf789.html]
[yqjh-auto.my.canva.site/_link/index1412.html]
[yqjh-auto.my.canva.site/_link/indexc418.html]
[yqjh-auto.my.canva.site/_link/index1ef2.html]
[yqjh-auto.my.canva.site/_link/index59be.html]
[yqjh-auto.my.canva.site/_link/indexc418.html]
[yqjh-auto.my.canva.site/_link/index1412.html]
[yqjh-auto.my.canva.site/_link/indexac5d.html]
[yqjh-auto.my.canva.site/_link/index9044.html]
[yqjh-auto.my.canva.site/_link/index9044.html]
[yqjh-auto.my.canva.site/_link/indexda38.html]
[yqjh-auto.my.canva.site/_link/indexda38.html]
[yqjh-auto.my.canva.site/_link/index29dc.html]
[yqjh-auto.my.canva.site/_link/index29dc.html]
